Archive member included to satisfy reference by file (symbol)

c:/program files (x86)/atollic/truestudio for stm32 9.0.0/armtools/bin/../lib/gcc/arm-atollic-eabi/6.3.1/../../../../arm-atollic-eabi/lib/armv7e-m/fpu\libc_nano.a(lib_a-init.o)
                              startup\startup_stm32f446xx.o (__libc_init_array)
c:/program files (x86)/atollic/truestudio for stm32 9.0.0/armtools/bin/../lib/gcc/arm-atollic-eabi/6.3.1/../../../../arm-atollic-eabi/lib/armv7e-m/fpu\libc_nano.a(lib_a-memset.o)
                              Drivers\CMSIS\DSP_Lib\Source\FilteringFunctions\arm_biquad_cascade_df1_32x64_init_q31.o (memset)
c:/program files (x86)/atollic/truestudio for stm32 9.0.0/armtools/bin/../lib/gcc/arm-atollic-eabi/6.3.1/../../../../arm-atollic-eabi/lib/armv7e-m/fpu\libm.a(lib_a-wf_sqrt.o)
                              Drivers\CMSIS\DSP_Lib\Source\ComplexMathFunctions\arm_cmplx_mag_f32.o (sqrtf)
c:/program files (x86)/atollic/truestudio for stm32 9.0.0/armtools/bin/../lib/gcc/arm-atollic-eabi/6.3.1/../../../../arm-atollic-eabi/lib/armv7e-m/fpu\libm.a(lib_a-ef_sqrt.o)
                              c:/program files (x86)/atollic/truestudio for stm32 9.0.0/armtools/bin/../lib/gcc/arm-atollic-eabi/6.3.1/../../../../arm-atollic-eabi/lib/armv7e-m/fpu\libm.a(lib_a-wf_sqrt.o) (__ieee754_sqrtf)
c:/program files (x86)/atollic/truestudio for stm32 9.0.0/armtools/bin/../lib/gcc/arm-atollic-eabi/6.3.1/../../../../arm-atollic-eabi/lib/armv7e-m/fpu\libm.a(lib_a-s_lib_ver.o)
                              c:/program files (x86)/atollic/truestudio for stm32 9.0.0/armtools/bin/../lib/gcc/arm-atollic-eabi/6.3.1/../../../../arm-atollic-eabi/lib/armv7e-m/fpu\libm.a(lib_a-wf_sqrt.o) (__fdlib_version)
c:/program files (x86)/atollic/truestudio for stm32 9.0.0/armtools/bin/../lib/gcc/arm-atollic-eabi/6.3.1/../../../../arm-atollic-eabi/lib/armv7e-m/fpu\libm.a(lib_a-s_matherr.o)
                              c:/program files (x86)/atollic/truestudio for stm32 9.0.0/armtools/bin/../lib/gcc/arm-atollic-eabi/6.3.1/../../../../arm-atollic-eabi/lib/armv7e-m/fpu\libm.a(lib_a-wf_sqrt.o) (matherr)
c:/program files (x86)/atollic/truestudio for stm32 9.0.0/armtools/bin/../lib/gcc/arm-atollic-eabi/6.3.1/../../../../arm-atollic-eabi/lib/armv7e-m/fpu\libc_nano.a(lib_a-errno.o)
                              c:/program files (x86)/atollic/truestudio for stm32 9.0.0/armtools/bin/../lib/gcc/arm-atollic-eabi/6.3.1/../../../../arm-atollic-eabi/lib/armv7e-m/fpu\libm.a(lib_a-wf_sqrt.o) (__errno)
c:/program files (x86)/atollic/truestudio for stm32 9.0.0/armtools/bin/../lib/gcc/arm-atollic-eabi/6.3.1/../../../../arm-atollic-eabi/lib/armv7e-m/fpu\libc_nano.a(lib_a-impure.o)
                              c:/program files (x86)/atollic/truestudio for stm32 9.0.0/armtools/bin/../lib/gcc/arm-atollic-eabi/6.3.1/../../../../arm-atollic-eabi/lib/armv7e-m/fpu\libc_nano.a(lib_a-errno.o) (_impure_ptr)
c:/program files (x86)/atollic/truestudio for stm32 9.0.0/armtools/bin/../lib/gcc/arm-atollic-eabi/6.3.1/armv7e-m/fpu\libgcc.a(_ashrdi3.o)
                              Drivers\CMSIS\DSP_Lib\Source\FilteringFunctions\arm_biquad_cascade_df1_q31.o (__aeabi_lasr)
c:/program files (x86)/atollic/truestudio for stm32 9.0.0/armtools/bin/../lib/gcc/arm-atollic-eabi/6.3.1/armv7e-m/fpu\libgcc.a(_ashldi3.o)
                              Drivers\CMSIS\DSP_Lib\Source\BasicMathFunctions\arm_shift_q31.o (__aeabi_llsl)
c:/program files (x86)/atollic/truestudio for stm32 9.0.0/armtools/bin/../lib/gcc/arm-atollic-eabi/6.3.1/armv7e-m/fpu\libgcc.a(_arm_addsubdf3.o)
                              Drivers\CMSIS\DSP_Lib\Source\MatrixFunctions\arm_mat_inverse_f64.o (__aeabi_dsub)
c:/program files (x86)/atollic/truestudio for stm32 9.0.0/armtools/bin/../lib/gcc/arm-atollic-eabi/6.3.1/armv7e-m/fpu\libgcc.a(_arm_muldivdf3.o)
                              Drivers\CMSIS\DSP_Lib\Source\FilteringFunctions\arm_biquad_cascade_df2T_f64.o (__aeabi_dmul)
c:/program files (x86)/atollic/truestudio for stm32 9.0.0/armtools/bin/../lib/gcc/arm-atollic-eabi/6.3.1/armv7e-m/fpu\libgcc.a(_arm_cmpdf2.o)
                              Drivers\CMSIS\DSP_Lib\Source\MatrixFunctions\arm_mat_inverse_f64.o (__aeabi_dcmpeq)
c:/program files (x86)/atollic/truestudio for stm32 9.0.0/armtools/bin/../lib/gcc/arm-atollic-eabi/6.3.1/armv7e-m/fpu\libgcc.a(_arm_truncdfsf2.o)
                              c:/program files (x86)/atollic/truestudio for stm32 9.0.0/armtools/bin/../lib/gcc/arm-atollic-eabi/6.3.1/../../../../arm-atollic-eabi/lib/armv7e-m/fpu\libm.a(lib_a-wf_sqrt.o) (__aeabi_d2f)
c:/program files (x86)/atollic/truestudio for stm32 9.0.0/armtools/bin/../lib/gcc/arm-atollic-eabi/6.3.1/armv7e-m/fpu\libgcc.a(_aeabi_ldivmod.o)
                              Drivers\CMSIS\DSP_Lib\Source\StatisticsFunctions\arm_mean_q31.o (__aeabi_ldivmod)
c:/program files (x86)/atollic/truestudio for stm32 9.0.0/armtools/bin/../lib/gcc/arm-atollic-eabi/6.3.1/armv7e-m/fpu\libgcc.a(_aeabi_uldivmod.o)
[...]
Memory Configuration

Name             Origin             Length             Attributes
RAM              0x20000000         0x00020000         xrw
FLASH            0x08000000         0x00080000         xr
*default*        0x00000000         0xffffffff

Linker script and memory map

LOAD c:/program files (x86)/atollic/truestudio for stm32 9.0.0/armtools/bin/../lib/gcc/arm-atollic-eabi/6.3.1/armv7e-m/fpu/crti.o
LOAD c:/program files (x86)/atollic/truestudio for stm32 9.0.0/armtools/bin/../lib/gcc/arm-atollic-eabi/6.3.1/armv7e-m/fpu/crtbegin.o
LOAD Drivers\CMSIS\DSP_Lib\Source\BasicMathFunctions\arm_abs_f32.o
LOAD Drivers\CMSIS\DSP_Lib\Source\BasicMathFunctions\arm_abs_q15.o
LOAD Drivers\CMSIS\DSP_Lib\Source\BasicMathFunctions\arm_abs_q31.o
LOAD Drivers\CMSIS\DSP_Lib\Source\BasicMathFunctions\arm_abs_q7.o
LOAD Drivers\CMSIS\DSP_Lib\Source\BasicMathFunctions\arm_add_f32.o
LOAD Drivers\CMSIS\DSP_Lib\Source\BasicMathFunctions\arm_add_q15.o
LOAD Drivers\CMSIS\DSP_Lib\Source\BasicMathFunctions\arm_add_q31.o
LOAD Drivers\CMSIS\DSP_Lib\Source\BasicMathFunctions\arm_add_q7.o
LOAD Drivers\CMSIS\DSP_Lib\Source\BasicMathFunctions\arm_dot_prod_f32.o
LOAD Drivers\CMSIS\DSP_Lib\Source\BasicMathFunctions\arm_dot_prod_q15.o
LOAD Drivers\CMSIS\DSP_Lib\Source\BasicMathFunctions\arm_dot_prod_q31.o
LOAD Drivers\CMSIS\DSP_Lib\Source\BasicMathFunctions\arm_dot_prod_q7.o
LOAD Drivers\CMSIS\DSP_Lib\Source\BasicMathFunctions\arm_mult_f32.o
LOAD Drivers\CMSIS\DSP_Lib\Source\BasicMathFunctions\arm_mult_q15.o
LOAD Drivers\CMSIS\DSP_Lib\Source\BasicMathFunctions\arm_mult_q31.o
LOAD Drivers\CMSIS\DSP_Lib\Source\BasicMathFunctions\arm_mult_q7.o
LOAD Drivers\CMSIS\DSP_Lib\Source\BasicMathFunctions\arm_negate_f32.o
LOAD Drivers\CMSIS\DSP_Lib\Source\BasicMathFunctions\arm_negate_q15.o
LOAD Drivers\CMSIS\DSP_Lib\Source\BasicMathFunctions\arm_negate_q31.o
LOAD Drivers\CMSIS\DSP_Lib\Source\BasicMathFunctions\arm_negate_q7.o
LOAD Drivers\CMSIS\DSP_Lib\Source\BasicMathFunctions\arm_offset_f32.o
LOAD Drivers\CMSIS\DSP_Lib\Source\BasicMathFunctions\arm_offset_q15.o
LOAD Drivers\CMSIS\DSP_Lib\Source\BasicMathFunctions\arm_offset_q31.o
LOAD Drivers\CMSIS\DSP_Lib\Source\BasicMathFunctions\arm_offset_q7.o
LOAD Drivers\CMSIS\DSP_Lib\Source\BasicMathFunctions\arm_scale_f32.o
LOAD Drivers\CMSIS\DSP_Lib\Source\BasicMathFunctions\arm_scale_q15.o
LOAD Drivers\CMSIS\DSP_Lib\Source\BasicMathFunctions\arm_scale_q31.o
LOAD Drivers\CMSIS\DSP_Lib\Source\BasicMathFunctions\arm_scale_q7.o
LOAD Drivers\CMSIS\DSP_Lib\Source\BasicMathFunctions\arm_shift_q15.o
LOAD Drivers\CMSIS\DSP_Lib\Source\BasicMathFunctions\arm_shift_q31.o
LOAD Drivers\CMSIS\DSP_Lib\Source\BasicMathFunctions\arm_shift_q7.o
LOAD Drivers\CMSIS\DSP_Lib\Source\BasicMathFunctions\arm_sub_f32.o
LOAD Drivers\CMSIS\DSP_Lib\Source\BasicMathFunctions\arm_sub_q15.o
LOAD Drivers\CMSIS\DSP_Lib\Source\BasicMathFunctions\arm_sub_q31.o
LOAD Drivers\CMSIS\DSP_Lib\Source\BasicMathFunctions\arm_sub_q7.o
LOAD Drivers\CMSIS\DSP_Lib\Source\CommonTables\arm_common_tables.o
LOAD Drivers\CMSIS\DSP_Lib\Source\CommonTables\arm_const_structs.o
LOAD Drivers\CMSIS\DSP_Lib\Source\ComplexMathFunctions\arm_cmplx_conj_f32.o
LOAD Drivers\CMSIS\DSP_Lib\Source\ComplexMathFunctions\arm_cmplx_conj_q15.o
LOAD Drivers\CMSIS\DSP_Lib\Source\ComplexMathFunctions\arm_cmplx_conj_q31.o
LOAD Drivers\CMSIS\DSP_Lib\Source\ComplexMathFunctions\arm_cmplx_dot_prod_f32.o
LOAD Drivers\CMSIS\DSP_Lib\Source\ComplexMathFunctions\arm_cmplx_dot_prod_q15.o
LOAD Drivers\CMSIS\DSP_Lib\Source\ComplexMathFunctions\arm_cmplx_dot_prod_q31.o
LOAD Drivers\CMSIS\DSP_Lib\Source\ComplexMathFunctions\arm_cmplx_mag_f32.o
LOAD Drivers\CMSIS\DSP_Lib\Source\ComplexMathFunctions\arm_cmplx_mag_q15.o
LOAD Drivers\CMSIS\DSP_Lib\Source\ComplexMathFunctions\arm_cmplx_mag_q31.o
LOAD Drivers\CMSIS\DSP_Lib\Source\ComplexMathFunctions\arm_cmplx_mag_squared_f32.o
LOAD Drivers\CMSIS\DSP_Lib\Source\ComplexMathFunctions\arm_cmplx_mag_squared_q15.o
LOAD Drivers\CMSIS\DSP_Lib\Source\ComplexMathFunctions\arm_cmplx_mag_squared_q31.o
LOAD Drivers\CMSIS\DSP_Lib\Source\ComplexMathFunctions\arm_cmplx_mult_cmplx_f32.o
LOAD Drivers\CMSIS\DSP_Lib\Source\ComplexMathFunctions\arm_cmplx_mult_cmplx_q15.o
LOAD Drivers\CMSIS\DSP_Lib\Source\ComplexMathFunctions\arm_cmplx_mult_cmplx_q31.o
LOAD Drivers\CMSIS\DSP_Lib\Source\ComplexMathFunctions\arm_cmplx_mult_real_f32.o
LOAD Drivers\CMSIS\DSP_Lib\Source\ComplexMathFunctions\arm_cmplx_mult_real_q15.o
LOAD Drivers\CMSIS\DSP_Lib\Source\ComplexMathFunctions\arm_cmplx_mult_real_q31.o
LOAD Drivers\CMSIS\DSP_Lib\Source\ControllerFunctions\arm_pid_init_f32.o
LOAD Drivers\CMSIS\DSP_Lib\Source\ControllerFunctions\arm_pid_init_q15.o
LOAD Drivers\CMSIS\DSP_Lib\Source\ControllerFunctions\arm_pid_init_q31.o
LOAD Drivers\CMSIS\DSP_Lib\Source\ControllerFunctions\arm_pid_reset_f32.o
LOAD Drivers\CMSIS\DSP_Lib\Source\ControllerFunctions\arm_pid_reset_q15.o
LOAD Drivers\CMSIS\DSP_Lib\Source\ControllerFunctions\arm_pid_reset_q31.o
LOAD Drivers\CMSIS\DSP_Lib\Source\ControllerFunctions\arm_sin_cos_f32.o
LOAD Drivers\CMSIS\DSP_Lib\Source\ControllerFunctions\arm_sin_cos_q31.o
LOAD Drivers\CMSIS\DSP_Lib\Source\FastMathFunctions\arm_cos_f32.o
LOAD Drivers\CMSIS\DSP_Lib\Source\FastMathFunctions\arm_cos_q15.o
LOAD Drivers\CMSIS\DSP_Lib\Source\FastMathFunctions\arm_cos_q31.o
LOAD Drivers\CMSIS\DSP_Lib\Source\FastMathFunctions\arm_sin_f32.o
LOAD Drivers\CMSIS\DSP_Lib\Source\FastMathFunctions\arm_sin_q15.o
LOAD Drivers\CMSIS\DSP_Lib\Source\FastMathFunctions\arm_sin_q31.o
LOAD Drivers\CMSIS\DSP_Lib\Source\FastMathFunctions\arm_sqrt_q15.o
LOAD Drivers\CMSIS\DSP_Lib\Source\FastMathFunctions\arm_sqrt_q31.o
LOAD Drivers\CMSIS\DSP_Lib\Source\FilteringFunctions\arm_biquad_cascade_df1_32x64_init_q31.o
LOAD Drivers\CMSIS\DSP_Lib\Source\FilteringFunctions\arm_biquad_cascade_df1_32x64_q31.o
LOAD Drivers\CMSIS\DSP_Lib\Source\FilteringFunctions\arm_biquad_cascade_df1_f32.o
LOAD Drivers\CMSIS\DSP_Lib\Source\FilteringFunctions\arm_biquad_cascade_df1_fast_q15.o
LOAD Drivers\CMSIS\DSP_Lib\Source\FilteringFunctions\arm_biquad_cascade_df1_fast_q31.o
LOAD Drivers\CMSIS\DSP_Lib\Source\FilteringFunctions\arm_biquad_cascade_df1_init_f32.o
LOAD Drivers\CMSIS\DSP_Lib\Source\FilteringFunctions\arm_biquad_cascade_df1_init_q15.o
LOAD Drivers\CMSIS\DSP_Lib\Source\FilteringFunctions\arm_biquad_cascade_df1_init_q31.o
LOAD Drivers\CMSIS\DSP_Lib\Source\FilteringFunctions\arm_biquad_cascade_df1_q15.o
LOAD Drivers\CMSIS\DSP_Lib\Source\FilteringFunctions\arm_biquad_cascade_df1_q31.o
LOAD Drivers\CMSIS\DSP_Lib\Source\FilteringFunctions\arm_biquad_cascade_df2T_f32.o
LOAD Drivers\CMSIS\DSP_Lib\Source\FilteringFunctions\arm_biquad_cascade_df2T_f64.o
LOAD Drivers\CMSIS\DSP_Lib\Source\FilteringFunctions\arm_biquad_cascade_df2T_init_f32.o
LOAD Drivers\CMSIS\DSP_Lib\Source\FilteringFunctions\arm_biquad_cascade_df2T_init_f64.o
LOAD Drivers\CMSIS\DSP_Lib\Source\FilteringFunctions\arm_biquad_cascade_stereo_df2T_f32.o
LOAD Drivers\CMSIS\DSP_Lib\Source\FilteringFunctions\arm_biquad_cascade_stereo_df2T_init_f32.o
LOAD Drivers\CMSIS\DSP_Lib\Source\FilteringFunctions\arm_conv_f32.o
LOAD Drivers\CMSIS\DSP_Lib\Source\FilteringFunctions\arm_conv_fast_opt_q15.o
LOAD Drivers\CMSIS\DSP_Lib\Source\FilteringFunctions\arm_conv_fast_q15.o
LOAD Drivers\CMSIS\DSP_Lib\Source\FilteringFunctions\arm_conv_fast_q31.o
LOAD Drivers\CMSIS\DSP_Lib\Source\FilteringFunctions\arm_conv_opt_q15.o
LOAD Drivers\CMSIS\DSP_Lib\Source\FilteringFunctions\arm_conv_opt_q7.o
LOAD Drivers\CMSIS\DSP_Lib\Source\FilteringFunctions\arm_conv_partial_f32.o
LOAD Drivers\CMSIS\DSP_Lib\Source\FilteringFunctions\arm_conv_partial_fast_opt_q15.o
LOAD Drivers\CMSIS\DSP_Lib\Source\FilteringFunctions\arm_conv_partial_fast_q15.o
LOAD Drivers\CMSIS\DSP_Lib\Source\FilteringFunctions\arm_conv_partial_fast_q31.o
LOAD Drivers\CMSIS\DSP_Lib\Source\FilteringFunctions\arm_conv_partial_opt_q15.o
LOAD Drivers\CMSIS\DSP_Lib\Source\FilteringFunctions\arm_conv_partial_opt_q7.o
LOAD Drivers\CMSIS\DSP_Lib\Source\FilteringFunctions\arm_conv_partial_q15.o
LOAD Drivers\CMSIS\DSP_Lib\Source\FilteringFunctions\arm_conv_partial_q31.o
LOAD Drivers\CMSIS\DSP_Lib\Source\FilteringFunctions\arm_conv_partial_q7.o
LOAD Drivers\CMSIS\DSP_Lib\Source\FilteringFunctions\arm_conv_q15.o
LOAD Drivers\CMSIS\DSP_Lib\Source\FilteringFunctions\arm_conv_q31.o
LOAD Drivers\CMSIS\DSP_Lib\Source\FilteringFunctions\arm_conv_q7.o
LOAD Drivers\CMSIS\DSP_Lib\Source\FilteringFunctions\arm_correlate_f32.o
LOAD Drivers\CMSIS\DSP_Lib\Source\FilteringFunctions\arm_correlate_fast_opt_q15.o
LOAD Drivers\CMSIS\DSP_Lib\Source\FilteringFunctions\arm_correlate_fast_q15.o
LOAD Drivers\CMSIS\DSP_Lib\Source\FilteringFunctions\arm_correlate_fast_q31.o
LOAD Drivers\CMSIS\DSP_Lib\Source\FilteringFunctions\arm_correlate_opt_q15.o
LOAD Drivers\CMSIS\DSP_Lib\Source\FilteringFunctions\arm_correlate_opt_q7.o
LOAD Drivers\CMSIS\DSP_Lib\Source\FilteringFunctions\arm_correlate_q15.o
LOAD Drivers\CMSIS\DSP_Lib\Source\FilteringFunctions\arm_correlate_q31.o
LOAD Drivers\CMSIS\DSP_Lib\Source\FilteringFunctions\arm_correlate_q7.o
LOAD Drivers\CMSIS\DSP_Lib\Source\FilteringFunctions\arm_fir_decimate_f32.o
LOAD Drivers\CMSIS\DSP_Lib\Source\FilteringFunctions\arm_fir_decimate_fast_q15.o
LOAD Drivers\CMSIS\DSP_Lib\Source\FilteringFunctions\arm_fir_decimate_fast_q31.o
LOAD Drivers\CMSIS\DSP_Lib\Source\FilteringFunctions\arm_fir_decimate_init_f32.o
LOAD Drivers\CMSIS\DSP_Lib\Source\FilteringFunctions\arm_fir_decimate_init_q15.o
LOAD Drivers\CMSIS\DSP_Lib\Source\FilteringFunctions\arm_fir_decimate_init_q31.o
LOAD Drivers\CMSIS\DSP_Lib\Source\FilteringFunctions\arm_fir_decimate_q15.o
LOAD Drivers\CMSIS\DSP_Lib\Source\FilteringFunctions\arm_fir_decimate_q31.o
LOAD Drivers\CMSIS\DSP_Lib\Source\FilteringFunctions\arm_fir_f32.o
LOAD Drivers\CMSIS\DSP_Lib\Source\FilteringFunctions\arm_fir_fast_q15.o
LOAD Drivers\CMSIS\DSP_Lib\Source\FilteringFunctions\arm_fir_fast_q31.o
LOAD Drivers\CMSIS\DSP_Lib\Source\FilteringFunctions\arm_fir_init_f32.o
LOAD Drivers\CMSIS\DSP_Lib\Source\FilteringFunctions\arm_fir_init_q15.o
LOAD Drivers\CMSIS\DSP_Lib\Source\FilteringFunctions\arm_fir_init_q31.o
LOAD Drivers\CMSIS\DSP_Lib\Source\FilteringFunctions\arm_fir_init_q7.o
LOAD Drivers\CMSIS\DSP_Lib\Source\FilteringFunctions\arm_fir_interpolate_f32.o
LOAD Drivers\CMSIS\DSP_Lib\Source\FilteringFunctions\arm_fir_interpolate_init_f32.o
LOAD Drivers\CMSIS\DSP_Lib\Source\FilteringFunctions\arm_fir_interpolate_init_q15.o
LOAD Drivers\CMSIS\DSP_Lib\Source\FilteringFunctions\arm_fir_interpolate_init_q31.o
LOAD Drivers\CMSIS\DSP_Lib\Source\FilteringFunctions\arm_fir_interpolate_q15.o
LOAD Drivers\CMSIS\DSP_Lib\Source\FilteringFunctions\arm_fir_interpolate_q31.o
LOAD Drivers\CMSIS\DSP_Lib\Source\FilteringFunctions\arm_fir_lattice_f32.o
LOAD Drivers\CMSIS\DSP_Lib\Source\FilteringFunctions\arm_fir_lattice_init_f32.o
LOAD Drivers\CMSIS\DSP_Lib\Source\FilteringFunctions\arm_fir_lattice_init_q15.o
LOAD Drivers\CMSIS\DSP_Lib\Source\FilteringFunctions\arm_fir_lattice_init_q31.o
LOAD Drivers\CMSIS\DSP_Lib\Source\FilteringFunctions\arm_fir_lattice_q15.o
LOAD Drivers\CMSIS\DSP_Lib\Source\FilteringFunctions\arm_fir_lattice_q31.o
LOAD Drivers\CMSIS\DSP_Lib\Source\FilteringFunctions\arm_fir_q15.o
LOAD Drivers\CMSIS\DSP_Lib\Source\FilteringFunctions\arm_fir_q31.o
LOAD Drivers\CMSIS\DSP_Lib\Source\FilteringFunctions\arm_fir_q7.o
LOAD Drivers\CMSIS\DSP_Lib\Source\FilteringFunctions\arm_fir_sparse_f32.o
LOAD Drivers\CMSIS\DSP_Lib\Source\FilteringFunctions\arm_fir_sparse_init_f32.o
LOAD Drivers\CMSIS\DSP_Lib\Source\FilteringFunctions\arm_fir_sparse_init_q15.o
LOAD Drivers\CMSIS\DSP_Lib\Source\FilteringFunctions\arm_fir_sparse_init_q31.o
LOAD Drivers\CMSIS\DSP_Lib\Source\FilteringFunctions\arm_fir_sparse_init_q7.o
LOAD Drivers\CMSIS\DSP_Lib\Source\FilteringFunctions\arm_fir_sparse_q15.o
LOAD Drivers\CMSIS\DSP_Lib\Source\FilteringFunctions\arm_fir_sparse_q31.o
LOAD Drivers\CMSIS\DSP_Lib\Source\FilteringFunctions\arm_fir_sparse_q7.o
LOAD Drivers\CMSIS\DSP_Lib\Source\FilteringFunctions\arm_iir_lattice_f32.o
LOAD Drivers\CMSIS\DSP_Lib\Source\FilteringFunctions\arm_iir_lattice_init_f32.o
LOAD Drivers\CMSIS\DSP_Lib\Source\FilteringFunctions\arm_iir_lattice_init_q15.o
LOAD Drivers\CMSIS\DSP_Lib\Source\FilteringFunctions\arm_iir_lattice_init_q31.o
LOAD Drivers\CMSIS\DSP_Lib\Source\FilteringFunctions\arm_iir_lattice_q15.o
LOAD Drivers\CMSIS\DSP_Lib\Source\FilteringFunctions\arm_iir_lattice_q31.o
LOAD Drivers\CMSIS\DSP_Lib\Source\FilteringFunctions\arm_lms_f32.o
LOAD Drivers\CMSIS\DSP_Lib\Source\FilteringFunctions\arm_lms_init_f32.o
LOAD Drivers\CMSIS\DSP_Lib\Source\FilteringFunctions\arm_lms_init_q15.o
LOAD Drivers\CMSIS\DSP_Lib\Source\FilteringFunctions\arm_lms_init_q31.o
LOAD Drivers\CMSIS\DSP_Lib\Source\FilteringFunctions\arm_lms_norm_f32.o
LOAD Drivers\CMSIS\DSP_Lib\Source\FilteringFunctions\arm_lms_norm_init_f32.o
LOAD Drivers\CMSIS\DSP_Lib\Source\FilteringFunctions\arm_lms_norm_init_q15.o
LOAD Drivers\CMSIS\DSP_Lib\Source\FilteringFunctions\arm_lms_norm_init_q31.o
LOAD Drivers\CMSIS\DSP_Lib\Source\FilteringFunctions\arm_lms_norm_q15.o
LOAD Drivers\CMSIS\DSP_Lib\Source\FilteringFunctions\arm_lms_norm_q31.o
LOAD Drivers\CMSIS\DSP_Lib\Source\FilteringFunctions\arm_lms_q15.o
LOAD Drivers\CMSIS\DSP_Lib\Source\FilteringFunctions\arm_lms_q31.o
LOAD Drivers\CMSIS\DSP_Lib\Source\MatrixFunctions\arm_mat_add_f32.o
LOAD Drivers\CMSIS\DSP_Lib\Source\MatrixFunctions\arm_mat_add_q15.o
LOAD Drivers\CMSIS\DSP_Lib\Source\MatrixFunctions\arm_mat_add_q31.o
LOAD Drivers\CMSIS\DSP_Lib\Source\MatrixFunctions\arm_mat_cmplx_mult_f32.o
LOAD Drivers\CMSIS\DSP_Lib\Source\MatrixFunctions\arm_mat_cmplx_mult_q15.o
LOAD Drivers\CMSIS\DSP_Lib\Source\MatrixFunctions\arm_mat_cmplx_mult_q31.o
LOAD Drivers\CMSIS\DSP_Lib\Source\MatrixFunctions\arm_mat_init_f32.o
LOAD Drivers\CMSIS\DSP_Lib\Source\MatrixFunctions\arm_mat_init_q15.o
LOAD Drivers\CMSIS\DSP_Lib\Source\MatrixFunctions\arm_mat_init_q31.o
LOAD Drivers\CMSIS\DSP_Lib\Source\MatrixFunctions\arm_mat_inverse_f32.o
LOAD Drivers\CMSIS\DSP_Lib\Source\MatrixFunctions\arm_mat_inverse_f64.o
LOAD Drivers\CMSIS\DSP_Lib\Source\MatrixFunctions\arm_mat_mult_f32.o
LOAD Drivers\CMSIS\DSP_Lib\Source\MatrixFunctions\arm_mat_mult_fast_q15.o
LOAD Drivers\CMSIS\DSP_Lib\Source\MatrixFunctions\arm_mat_mult_fast_q31.o
LOAD Drivers\CMSIS\DSP_Lib\Source\MatrixFunctions\arm_mat_mult_q15.o
LOAD Drivers\CMSIS\DSP_Lib\Source\MatrixFunctions\arm_mat_mult_q31.o
LOAD Drivers\CMSIS\DSP_Lib\Source\MatrixFunctions\arm_mat_scale_f32.o
LOAD Drivers\CMSIS\DSP_Lib\Source\MatrixFunctions\arm_mat_scale_q15.o
LOAD Drivers\CMSIS\DSP_Lib\Source\MatrixFunctions\arm_mat_scale_q31.o
LOAD Drivers\CMSIS\DSP_Lib\Source\MatrixFunctions\arm_mat_sub_f32.o
LOAD Drivers\CMSIS\DSP_Lib\Source\MatrixFunctions\arm_mat_sub_q15.o
LOAD Drivers\CMSIS\DSP_Lib\Source\MatrixFunctions\arm_mat_sub_q31.o
LOAD Drivers\CMSIS\DSP_Lib\Source\MatrixFunctions\arm_mat_trans_f32.o
LOAD Drivers\CMSIS\DSP_Lib\Source\MatrixFunctions\arm_mat_trans_q15.o
LOAD Drivers\CMSIS\DSP_Lib\Source\MatrixFunctions\arm_mat_trans_q31.o
LOAD Drivers\CMSIS\DSP_Lib\Source\StatisticsFunctions\arm_max_f32.o
LOAD Drivers\CMSIS\DSP_Lib\Source\StatisticsFunctions\arm_max_q15.o
LOAD Drivers\CMSIS\DSP_Lib\Source\StatisticsFunctions\arm_max_q31.o
LOAD Drivers\CMSIS\DSP_Lib\Source\StatisticsFunctions\arm_max_q7.o
LOAD Drivers\CMSIS\DSP_Lib\Source\StatisticsFunctions\arm_mean_f32.o
LOAD Drivers\CMSIS\DSP_Lib\Source\StatisticsFunctions\arm_mean_q15.o
LOAD Drivers\CMSIS\DSP_Lib\Source\StatisticsFunctions\arm_mean_q31.o
LOAD Drivers\CMSIS\DSP_Lib\Source\StatisticsFunctions\arm_mean_q7.o
LOAD Drivers\CMSIS\DSP_Lib\Source\StatisticsFunctions\arm_min_f32.o
LOAD Drivers\CMSIS\DSP_Lib\Source\StatisticsFunctions\arm_min_q15.o
LOAD Drivers\CMSIS\DSP_Lib\Source\StatisticsFunctions\arm_min_q31.o
LOAD Drivers\CMSIS\DSP_Lib\Source\StatisticsFunctions\arm_min_q7.o
LOAD Drivers\CMSIS\DSP_Lib\Source\StatisticsFunctions\arm_power_f32.o
LOAD Drivers\CMSIS\DSP_Lib\Source\StatisticsFunctions\arm_power_q15.o
LOAD Drivers\CMSIS\DSP_Lib\Source\StatisticsFunctions\arm_power_q31.o
LOAD Drivers\CMSIS\DSP_Lib\Source\StatisticsFunctions\arm_power_q7.o
LOAD Drivers\CMSIS\DSP_Lib\Source\StatisticsFunctions\arm_rms_f32.o
LOAD Drivers\CMSIS\DSP_Lib\Source\StatisticsFunctions\arm_rms_q15.o
LOAD Drivers\CMSIS\DSP_Lib\Source\StatisticsFunctions\arm_rms_q31.o
LOAD Drivers\CMSIS\DSP_Lib\Source\StatisticsFunctions\arm_std_f32.o
LOAD Drivers\CMSIS\DSP_Lib\Source\StatisticsFunctions\arm_std_q15.o
LOAD Drivers\CMSIS\DSP_Lib\Source\StatisticsFunctions\arm_std_q31.o
LOAD Drivers\CMSIS\DSP_Lib\Source\StatisticsFunctions\arm_var_f32.o
LOAD Drivers\CMSIS\DSP_Lib\Source\StatisticsFunctions\arm_var_q15.o
LOAD Drivers\CMSIS\DSP_Lib\Source\StatisticsFunctions\arm_var_q31.o
LOAD Drivers\CMSIS\DSP_Lib\Source\SupportFunctions\arm_copy_f32.o
LOAD Drivers\CMSIS\DSP_Lib\Source\SupportFunctions\arm_copy_q15.o
LOAD Drivers\CMSIS\DSP_Lib\Source\SupportFunctions\arm_copy_q31.o
LOAD Drivers\CMSIS\DSP_Lib\Source\SupportFunctions\arm_copy_q7.o
LOAD Drivers\CMSIS\DSP_Lib\Source\SupportFunctions\arm_fill_f32.o
LOAD Drivers\CMSIS\DSP_Lib\Source\SupportFunctions\arm_fill_q15.o
LOAD Drivers\CMSIS\DSP_Lib\Source\SupportFunctions\arm_fill_q31.o
LOAD Drivers\CMSIS\DSP_Lib\Source\SupportFunctions\arm_fill_q7.o
LOAD Drivers\CMSIS\DSP_Lib\Source\SupportFunctions\arm_float_to_q15.o
LOAD Drivers\CMSIS\DSP_Lib\Source\SupportFunctions\arm_float_to_q31.o
LOAD Drivers\CMSIS\DSP_Lib\Source\SupportFunctions\arm_float_to_q7.o
LOAD Drivers\CMSIS\DSP_Lib\Source\SupportFunctions\arm_q15_to_float.o
LOAD Drivers\CMSIS\DSP_Lib\Source\SupportFunctions\arm_q15_to_q31.o
LOAD Drivers\CMSIS\DSP_Lib\Source\SupportFunctions\arm_q15_to_q7.o
LOAD Drivers\CMSIS\DSP_Lib\Source\SupportFunctions\arm_q31_to_float.o
LOAD Drivers\CMSIS\DSP_Lib\Source\SupportFunctions\arm_q31_to_q15.o
LOAD Drivers\CMSIS\DSP_Lib\Source\SupportFunctions\arm_q31_to_q7.o
LOAD Drivers\CMSIS\DSP_Lib\Source\SupportFunctions\arm_q7_to_float.o
LOAD Drivers\CMSIS\DSP_Lib\Source\SupportFunctions\arm_q7_to_q15.o
LOAD Drivers\CMSIS\DSP_Lib\Source\SupportFunctions\arm_q7_to_q31.o
LOAD Drivers\CMSIS\DSP_Lib\Source\TransformFunctions\arm_bitreversal.o
LOAD Drivers\CMSIS\DSP_Lib\Source\TransformFunctions\arm_cfft_f32.o
LOAD Drivers\CMSIS\DSP_Lib\Source\TransformFunctions\arm_cfft_q15.o
LOAD Drivers\CMSIS\DSP_Lib\Source\TransformFunctions\arm_cfft_q31.o
LOAD Drivers\CMSIS\DSP_Lib\Source\TransformFunctions\arm_cfft_radix2_f32.o
LOAD Drivers\CMSIS\DSP_Lib\Source\TransformFunctions\arm_cfft_radix2_init_f32.o
LOAD Drivers\CMSIS\DSP_Lib\Source\TransformFunctions\arm_cfft_radix2_init_q15.o
LOAD Drivers\CMSIS\DSP_Lib\Source\TransformFunctions\arm_cfft_radix2_init_q31.o
LOAD Drivers\CMSIS\DSP_Lib\Source\TransformFunctions\arm_cfft_radix2_q15.o
LOAD Drivers\CMSIS\DSP_Lib\Source\TransformFunctions\arm_cfft_radix2_q31.o
LOAD Drivers\CMSIS\DSP_Lib\Source\TransformFunctions\arm_cfft_radix4_f32.o
LOAD Drivers\CMSIS\DSP_Lib\Source\TransformFunctions\arm_cfft_radix4_init_f32.o
LOAD Drivers\CMSIS\DSP_Lib\Source\TransformFunctions\arm_cfft_radix4_init_q15.o
LOAD Drivers\CMSIS\DSP_Lib\Source\TransformFunctions\arm_cfft_radix4_init_q31.o
LOAD Drivers\CMSIS\DSP_Lib\Source\TransformFunctions\arm_cfft_radix4_q15.o
LOAD Drivers\CMSIS\DSP_Lib\Source\TransformFunctions\arm_cfft_radix4_q31.o
LOAD Drivers\CMSIS\DSP_Lib\Source\TransformFunctions\arm_cfft_radix8_f32.o
LOAD Drivers\CMSIS\DSP_Lib\Source\TransformFunctions\arm_dct4_f32.o
LOAD Drivers\CMSIS\DSP_Lib\Source\TransformFunctions\arm_dct4_init_f32.o
LOAD Drivers\CMSIS\DSP_Lib\Source\TransformFunctions\arm_dct4_init_q15.o
LOAD Drivers\CMSIS\DSP_Lib\Source\TransformFunctions\arm_dct4_init_q31.o
LOAD Drivers\CMSIS\DSP_Lib\Source\TransformFunctions\arm_dct4_q15.o
LOAD Drivers\CMSIS\DSP_Lib\Source\TransformFunctions\arm_dct4_q31.o
LOAD Drivers\CMSIS\DSP_Lib\Source\TransformFunctions\arm_rfft_f32.o
LOAD Drivers\CMSIS\DSP_Lib\Source\TransformFunctions\arm_rfft_fast_f32.o
LOAD Drivers\CMSIS\DSP_Lib\Source\TransformFunctions\arm_rfft_fast_init_f32.o
LOAD Drivers\CMSIS\DSP_Lib\Source\TransformFunctions\arm_rfft_init_f32.o
LOAD Drivers\CMSIS\DSP_Lib\Source\TransformFunctions\arm_rfft_init_q15.o
LOAD Drivers\CMSIS\DSP_Lib\Source\TransformFunctions\arm_rfft_init_q31.o
LOAD Drivers\CMSIS\DSP_Lib\Source\TransformFunctions\arm_rfft_q15.o
LOAD Drivers\CMSIS\DSP_Lib\Source\TransformFunctions\arm_rfft_q31.o
LOAD Drivers\STM32F4xx_HAL_Driver\Src\stm32f4xx_hal.o
LOAD Drivers\STM32F4xx_HAL_Driver\Src\stm32f4xx_hal_cortex.o
LOAD Drivers\STM32F4xx_HAL_Driver\Src\stm32f4xx_hal_dma.o
LOAD Drivers\STM32F4xx_HAL_Driver\Src\stm32f4xx_hal_dma_ex.o
LOAD Drivers\STM32F4xx_HAL_Driver\Src\stm32f4xx_hal_flash.o
LOAD Drivers\STM32F4xx_HAL_Driver\Src\stm32f4xx_hal_flash_ex.o
LOAD Drivers\STM32F4xx_HAL_Driver\Src\stm32f4xx_hal_flash_ramfunc.o
LOAD Drivers\STM32F4xx_HAL_Driver\Src\stm32f4xx_hal_gpio.o
LOAD Drivers\STM32F4xx_HAL_Driver\Src\stm32f4xx_hal_pwr.o
LOAD Drivers\STM32F4xx_HAL_Driver\Src\stm32f4xx_hal_pwr_ex.o
LOAD Drivers\STM32F4xx_HAL_Driver\Src\stm32f4xx_hal_rcc.o
LOAD Drivers\STM32F4xx_HAL_Driver\Src\stm32f4xx_hal_rcc_ex.o
LOAD Drivers\STM32F4xx_HAL_Driver\Src\stm32f4xx_hal_tim.o
LOAD Drivers\STM32F4xx_HAL_Driver\Src\stm32f4xx_hal_tim_ex.o
LOAD Src\main.o
LOAD Src\stm32f4xx_hal_msp.o
LOAD Src\stm32f4xx_it.o
LOAD Src\system_stm32f4xx.o
LOAD startup\startup_stm32f446xx.o
                0x00000080                malloc_getpagesize_P = 0x80
START GROUP
LOAD c:/program files (x86)/atollic/truestudio for stm32 9.0.0/armtools/bin/../lib/gcc/arm-atollic-eabi/6.3.1/../../../../arm-atollic-eabi/lib/armv7e-m/fpu\libc_nano.a
LOAD c:/program files (x86)/atollic/truestudio for stm32 9.0.0/armtools/bin/../lib/gcc/arm-atollic-eabi/6.3.1/../../../../arm-atollic-eabi/lib/armv7e-m/fpu\libm.a
END GROUP
START GROUP
LOAD c:/program files (x86)/atollic/truestudio for stm32 9.0.0/armtools/bin/../lib/gcc/arm-atollic-eabi/6.3.1/armv7e-m/fpu\libgcc.a
LOAD c:/program files (x86)/atollic/truestudio for stm32 9.0.0/armtools/bin/../lib/gcc/arm-atollic-eabi/6.3.1/../../../../arm-atollic-eabi/lib/armv7e-m/fpu\libc_nano.a
END GROUP
START GROUP
LOAD c:/program files (x86)/atollic/truestudio for stm32 9.0.0/armtools/bin/../lib/gcc/arm-atollic-eabi/6.3.1/armv7e-m/fpu\libgcc.a
LOAD c:/program files (x86)/atollic/truestudio for stm32 9.0.0/armtools/bin/../lib/gcc/arm-atollic-eabi/6.3.1/../../../../arm-atollic-eabi/lib/armv7e-m/fpu\libc_nano.a
LOAD c:/program files (x86)/atollic/truestudio for stm32 9.0.0/armtools/bin/../lib/gcc/arm-atollic-eabi/6.3.1/../../../../arm-atollic-eabi/lib/armv7e-m/fpu\libnosys.a
END GROUP
START GROUP
LOAD c:/program files (x86)/atollic/truestudio for stm32 9.0.0/armtools/bin/../lib/gcc/arm-atollic-eabi/6.3.1/armv7e-m/fpu\libgcc.a
LOAD c:/program files (x86)/atollic/truestudio for stm32 9.0.0/armtools/bin/../lib/gcc/arm-atollic-eabi/6.3.1/../../../../arm-atollic-eabi/lib/armv7e-m/fpu\libc_nano.a
LOAD c:/program files (x86)/atollic/truestudio for stm32 9.0.0/armtools/bin/../lib/gcc/arm-atollic-eabi/6.3.1/../../../../arm-atollic-eabi/lib/armv7e-m/fpu\libnosys.a
END GROUP
LOAD c:/program files (x86)/atollic/truestudio for stm32 9.0.0/armtools/bin/../lib/gcc/arm-atollic-eabi/6.3.1/armv7e-m/fpu/crtend.o
LOAD c:/program files (x86)/atollic/truestudio for stm32 9.0.0/armtools/bin/../lib/gcc/arm-atollic-eabi/6.3.1/armv7e-m/fpu/crtn.o
                0x20020000                _estack = 0x20020000
                0x00000200                _Min_Heap_Size = 0x200
                0x00000400                _Min_Stack_Size = 0x400

.isr_vector     0x08000000      0x1c4
                0x08000000                . = ALIGN (0x4)
 *(.isr_vector)
 .isr_vector    0x08000000      0x1c4 startup\startup_stm32f446xx.o
                0x08000000                g_pfnVectors
                0x080001c4                . = ALIGN (0x4)

.text           0x080001c4     0x1124
                0x080001c4                . = ALIGN (0x4)
 *(.text)
 .text          0x080001c4       0x40 c:/program files (x86)/atollic/truestudio for stm32 9.0.0/armtools/bin/../lib/gcc/arm-atollic-eabi/6.3.1/armv7e-m/fpu/crtbegin.o
 .text          0x08000204       0x30 c:/program files (x86)/atollic/truestudio for stm32 9.0.0/armtools/bin/../lib/gcc/arm-atollic-eabi/6.3.1/armv7e-m/fpu\libgcc.a(_aeabi_uldivmod.o)
                0x08000204                __aeabi_uldivmod
 .text          0x08000234      0x2dc c:/program files (x86)/atollic/truestudio for stm32 9.0.0/armtools/bin/../lib/gcc/arm-atollic-eabi/6.3.1/armv7e-m/fpu\libgcc.a(_udivmoddi4.o)
                0x08000234                __udivmoddi4
 .text          0x08000510        0x4 c:/program files (x86)/atollic/truestudio for stm32 9.0.0/armtools/bin/../lib/gcc/arm-atollic-eabi/6.3.1/armv7e-m/fpu\libgcc.a(_dvmd_tls.o)
                0x08000510                __aeabi_idiv0
                0x08000510                __aeabi_ldiv0
 *(.text*)
 .text.HAL_InitTick
                0x08000514       0x28 Drivers\STM32F4xx_HAL_Driver\Src\stm32f4xx_hal.o
                0x08000514                HAL_InitTick
 .text.HAL_Init
                0x0800053c       0x34 Drivers\STM32F4xx_HAL_Driver\Src\stm32f4xx_hal.o
                0x0800053c                HAL_Init
 .text.HAL_IncTick
                0x08000570       0x10 Drivers\STM32F4xx_HAL_Driver\Src\stm32f4xx_hal.o
                0x08000570                HAL_IncTick
 .text.HAL_GetTick
                0x08000580        0xc Drivers\STM32F4xx_HAL_Driver\Src\stm32f4xx_hal.o
                0x08000580                HAL_GetTick
 .text.HAL_NVIC_SetPriorityGrouping
                0x0800058c       0x24 Drivers\STM32F4xx_HAL_Driver\Src\stm32f4xx_hal_cortex.o
                0x0800058c                HAL_NVIC_SetPriorityGrouping
 .text.HAL_NVIC_SetPriority
                0x080005b0       0x68 Drivers\STM32F4xx_HAL_Driver\Src\stm32f4xx_hal_cortex.o
                0x080005b0                HAL_NVIC_SetPriority
 .text.HAL_SYSTICK_Config
                0x08000618       0x2c Drivers\STM32F4xx_HAL_Driver\Src\stm32f4xx_hal_cortex.o
                0x08000618                HAL_SYSTICK_Config
 .text.HAL_SYSTICK_CLKSourceConfig
                0x08000644       0x18 Drivers\STM32F4xx_HAL_Driver\Src\stm32f4xx_hal_cortex.o
                0x08000644                HAL_SYSTICK_CLKSourceConfig
 .text.HAL_SYSTICK_Callback
                0x0800065c        0x2 Drivers\STM32F4xx_HAL_Driver\Src\stm32f4xx_hal_cortex.o
                0x0800065c                HAL_SYSTICK_Callback
 .text.HAL_SYSTICK_IRQHandler
                0x0800065e        0x8 Drivers\STM32F4xx_HAL_Driver\Src\stm32f4xx_hal_cortex.o
                0x0800065e                HAL_SYSTICK_IRQHandler
 *fill*         0x08000666        0x2 
 .text.HAL_GPIO_Init
                0x08000668      0x1b4 Drivers\STM32F4xx_HAL_Driver\Src\stm32f4xx_hal_gpio.o
                0x08000668                HAL_GPIO_Init
 .text.HAL_GPIO_WritePin
                0x0800081c        0xa Drivers\STM32F4xx_HAL_Driver\Src\stm32f4xx_hal_gpio.o
                0x0800081c                HAL_GPIO_WritePin
 *fill*         0x08000826        0x2 
 .text.HAL_PWREx_EnableOverDrive
                0x08000828       0x78 Drivers\STM32F4xx_HAL_Driver\Src\stm32f4xx_hal_pwr_ex.o
                0x08000828                HAL_PWREx_EnableOverDrive
 .text.HAL_RCC_ClockConfig
                0x080008a0      0x134 Drivers\STM32F4xx_HAL_Driver\Src\stm32f4xx_hal_rcc.o
                0x080008a0                HAL_RCC_ClockConfig
 .text.HAL_RCC_GetHCLKFreq
                0x080009d4        0xc Drivers\STM32F4xx_HAL_Driver\Src\stm32f4xx_hal_rcc.o
                0x080009d4                HAL_RCC_GetHCLKFreq
 .text.HAL_RCC_GetSysClockFreq
                0x080009e0       0x90 Drivers\STM32F4xx_HAL_Driver\Src\stm32f4xx_hal_rcc_ex.o
                0x080009e0                HAL_RCC_GetSysClockFreq
 .text.HAL_RCC_OscConfig
                0x08000a70      0x31c Drivers\STM32F4xx_HAL_Driver\Src\stm32f4xx_hal_rcc_ex.o
                0x08000a70                HAL_RCC_OscConfig
 .text.TIM_Base_SetConfig
                0x08000d8c       0xc8 Drivers\STM32F4xx_HAL_Driver\Src\stm32f4xx_hal_tim.o
                0x08000d8c                TIM_Base_SetConfig
 .text.HAL_TIM_Base_Init
                0x08000e54       0x34 Drivers\STM32F4xx_HAL_Driver\Src\stm32f4xx_hal_tim.o
                0x08000e54                HAL_TIM_Base_Init
 .text.HAL_TIMEx_MasterConfigSynchronization
                0x08000e88       0x44 Drivers\STM32F4xx_HAL_Driver\Src\stm32f4xx_hal_tim_ex.o
                0x08000e88                HAL_TIMEx_MasterConfigSynchronization
 .text.SystemClock_Config
                0x08000ecc       0xb4 Src\main.o
                0x08000ecc                SystemClock_Config
 .text.startup.main
                0x08000f80      0x15c Src\main.o
                0x08000f80                main
 .text.HAL_MspInit
                0x080010dc       0x60 Src\stm32f4xx_hal_msp.o
                0x080010dc                HAL_MspInit
 .text.HAL_TIM_Base_MspInit
                0x0800113c       0x9c Src\stm32f4xx_hal_msp.o
                0x0800113c                HAL_TIM_Base_MspInit
 .text.SysTick_Handler
                0x080011d8        0xe Src\stm32f4xx_it.o
                0x080011d8                SysTick_Handler
 *fill*         0x080011e6        0x2 
 .text.SystemInit
                0x080011e8       0x4c Src\system_stm32f4xx.o
                0x080011e8                SystemInit
 .text.Reset_Handler
                0x08001234       0x50 startup\startup_stm32f446xx.o
                0x08001234                Reset_Handler
 .text.Default_Handler
                0x08001284        0x2 startup\startup_stm32f446xx.o
                0x08001284                RTC_Alarm_IRQHandler
                0x08001284                EXTI2_IRQHandler
                0x08001284                TIM8_CC_IRQHandler
                0x08001284                DebugMon_Handler
                0x08001284                SPI4_IRQHandler
                0x08001284                TIM1_CC_IRQHandler
                0x08001284                DMA2_Stream5_IRQHandler
                0x08001284                HardFault_Handler
                0x08001284                DMA1_Stream5_IRQHandler
                0x08001284                PVD_IRQHandler
                0x08001284                SDIO_IRQHandler
                0x08001284                TAMP_STAMP_IRQHandler
                0x08001284                PendSV_Handler
                0x08001284                NMI_Handler
                0x08001284                CAN2_RX1_IRQHandler
                0x08001284                EXTI3_IRQHandler
                0x08001284                TIM8_TRG_COM_TIM14_IRQHandler
                0x08001284                TIM1_UP_TIM10_IRQHandler
                0x08001284                TIM8_UP_TIM13_IRQHandler
                0x08001284                I2C3_ER_IRQHandler
                0x08001284                FMPI2C1_Event_IRQHandler
                0x08001284                EXTI0_IRQHandler
                0x08001284                I2C2_EV_IRQHandler
                0x08001284                DMA1_Stream2_IRQHandler
                0x08001284                CAN1_RX0_IRQHandler
                0x08001284                FPU_IRQHandler
                0x08001284                OTG_HS_WKUP_IRQHandler
                0x08001284                UsageFault_Handler
                0x08001284                CAN2_SCE_IRQHandler
                0x08001284                DMA2_Stream2_IRQHandler
                0x08001284                SPI1_IRQHandler
                0x08001284                TIM6_DAC_IRQHandler
                0x08001284                TIM1_BRK_TIM9_IRQHandler
                0x08001284                DCMI_IRQHandler
                0x08001284                CAN2_RX0_IRQHandler
                0x08001284                DMA2_Stream3_IRQHandler
                0x08001284                SAI2_IRQHandler
                0x08001284                USART6_IRQHandler
                0x08001284                USART3_IRQHandler
                0x08001284                CAN1_RX1_IRQHandler
                0x08001284                UART5_IRQHandler
                0x08001284                DMA2_Stream0_IRQHandler
                0x08001284                TIM4_IRQHandler
                0x08001284                QUADSPI_IRQHandler
                0x08001284                I2C1_EV_IRQHandler
                0x08001284                DMA1_Stream6_IRQHandler
                0x08001284                DMA1_Stream1_IRQHandler
                0x08001284                UART4_IRQHandler
                0x08001284                TIM3_IRQHandler
                0x08001284                RCC_IRQHandler
                0x08001284                TIM8_BRK_TIM12_IRQHandler
                0x08001284                Default_Handler
                0x08001284                CEC_IRQHandler
                0x08001284                EXTI15_10_IRQHandler
                0x08001284                ADC_IRQHandler
                0x08001284                DMA1_Stream7_IRQHandler
                0x08001284                TIM7_IRQHandler
                0x08001284                CAN2_TX_IRQHandler
                0x08001284                TIM5_IRQHandler
                0x08001284                DMA2_Stream7_IRQHandler
                0x08001284                I2C3_EV_IRQHandler
                0x08001284                EXTI9_5_IRQHandler
                0x08001284                RTC_WKUP_IRQHandler
                0x08001284                SPDIF_RX_IRQHandler
                0x08001284                SPI2_IRQHandler
                0x08001284                OTG_HS_EP1_IN_IRQHandler
                0x08001284                MemManage_Handler
                0x08001284                DMA1_Stream0_IRQHandler
                0x08001284                CAN1_TX_IRQHandler
                0x08001284                SVC_Handler
                0x08001284                EXTI4_IRQHandler
                0x08001284                OTG_HS_EP1_OUT_IRQHandler
                0x08001284                WWDG_IRQHandler
                0x08001284                TIM2_IRQHandler
                0x08001284                OTG_FS_WKUP_IRQHandler
                0x08001284                TIM1_TRG_COM_TIM11_IRQHandler
                0x08001284                OTG_HS_IRQHandler
                0x08001284                EXTI1_IRQHandler
                0x08001284                USART2_IRQHandler
                0x08001284                I2C2_ER_IRQHandler
                0x08001284                DMA2_Stream1_IRQHandler
                0x08001284                CAN1_SCE_IRQHandler
                0x08001284                FLASH_IRQHandler
                0x08001284                DMA2_Stream4_IRQHandler
                0x08001284                BusFault_Handler
                0x08001284                USART1_IRQHandler
                0x08001284                OTG_FS_IRQHandler
                0x08001284                SPI3_IRQHandler
                0x08001284                DMA1_Stream4_IRQHandler
                0x08001284                I2C1_ER_IRQHandler
                0x08001284                FMC_IRQHandler
                0x08001284                DMA2_Stream6_IRQHandler
                0x08001284                SAI1_IRQHandler
                0x08001284                DMA1_Stream3_IRQHandler
                0x08001284                FMPI2C1_Error_IRQHandler
 *fill*         0x08001286        0x2 
 .text.__libc_init_array
                0x08001288       0x48 c:/program files (x86)/atollic/truestudio for stm32 9.0.0/armtools/bin/../lib/gcc/arm-atollic-eabi/6.3.1/../../../../arm-atollic-eabi/lib/armv7e-m/fpu\libc_nano.a(lib_a-init.o)
                0x08001288                __libc_init_array
 *(.glue_7)
 .glue_7        0x080012d0        0x0 linker stubs
 *(.glue_7t)
 .glue_7t       0x080012d0        0x0 linker stubs
 *(.eh_frame)
 .eh_frame      0x080012d0        0x0 c:/program files (x86)/atollic/truestudio for stm32 9.0.0/armtools/bin/../lib/gcc/arm-atollic-eabi/6.3.1/armv7e-m/fpu/crtbegin.o
 *(.init)
 .init          0x080012d0        0x4 c:/program files (x86)/atollic/truestudio for stm32 9.0.0/armtools/bin/../lib/gcc/arm-atollic-eabi/6.3.1/armv7e-m/fpu/crti.o
                0x080012d0                _init
 .init          0x080012d4        0x8 c:/program files (x86)/atollic/truestudio for stm32 9.0.0/armtools/bin/../lib/gcc/arm-atollic-eabi/6.3.1/armv7e-m/fpu/crtn.o
 *(.fini)
 .fini          0x080012dc        0x4 c:/program files (x86)/atollic/truestudio for stm32 9.0.0/armtools/bin/../lib/gcc/arm-atollic-eabi/6.3.1/armv7e-m/fpu/crti.o
                0x080012dc                _fini
 .fini          0x080012e0        0x8 c:/program files (x86)/atollic/truestudio for stm32 9.0.0/armtools/bin/../lib/gcc/arm-atollic-eabi/6.3.1/armv7e-m/fpu/crtn.o
                0x080012e8                . = ALIGN (0x4)
                0x080012e8                _etext = .

.vfp11_veneer   0x080012e8        0x0
 .vfp11_veneer  0x080012e8        0x0 linker stubs

.v4_bx          0x080012e8        0x0
 .v4_bx         0x080012e8        0x0 linker stubs

.iplt           0x080012e8        0x0
 .iplt          0x080012e8        0x0 c:/program files (x86)/atollic/truestudio for stm32 9.0.0/armtools/bin/../lib/gcc/arm-atollic-eabi/6.3.1/armv7e-m/fpu/crtbegin.o

.rodata         0x080012e8       0x10
                0x080012e8                . = ALIGN (0x4)
 *(.rodata)
 *(.rodata*)
 .rodata.AHBPrescTable
                0x080012e8       0x10 Src\system_stm32f4xx.o
                0x080012e8                AHBPrescTable
                0x080012f8                . = ALIGN (0x4)

.ARM.extab
 *(.ARM.extab* .gnu.linkonce.armextab.*)

.ARM            0x080012f8        0x8
                0x080012f8                __exidx_start = .
 *(.ARM.exidx*)
 .ARM.exidx     0x080012f8        0x8 c:/program files (x86)/atollic/truestudio for stm32 9.0.0/armtools/bin/../lib/gcc/arm-atollic-eabi/6.3.1/armv7e-m/fpu\libgcc.a(_udivmoddi4.o)
                0x08001300                __exidx_end = .

.rel.dyn        0x08001300        0x0
 .rel.iplt      0x08001300        0x0 c:/program files (x86)/atollic/truestudio for stm32 9.0.0/armtools/bin/../lib/gcc/arm-atollic-eabi/6.3.1/armv7e-m/fpu/crtbegin.o

.preinit_array  0x08001300        0x0
                0x08001300                PROVIDE (__preinit_array_start, .)
 *(.preinit_array*)
                0x08001300                PROVIDE (__preinit_array_end, .)

.init_array     0x08001300        0x4
                0x08001300                PROVIDE (__init_array_start, .)
 *(SORT(.init_array.*))
 *(.init_array*)
 .init_array    0x08001300        0x4 c:/program files (x86)/atollic/truestudio for stm32 9.0.0/armtools/bin/../lib/gcc/arm-atollic-eabi/6.3.1/armv7e-m/fpu/crtbegin.o
                0x08001304                PROVIDE (__init_array_end, .)

.fini_array     0x08001304        0x4
                [!provide]                PROVIDE (__fini_array_start, .)
 *(SORT(.fini_array.*))
 *(.fini_array*)
 .fini_array    0x08001304        0x4 c:/program files (x86)/atollic/truestudio for stm32 9.0.0/armtools/bin/../lib/gcc/arm-atollic-eabi/6.3.1/armv7e-m/fpu/crtbegin.o
                [!provide]                PROVIDE (__fini_array_end, .)
                0x08001308                _sidata = LOADADDR (.data)

.data           0x20000000        0x4 load address 0x08001308
                0x20000000                . = ALIGN (0x4)
                0x20000000                _sdata = .
 *(.data)
 *(.data*)
 .data.SystemCoreClock
                0x20000000        0x4 Src\system_stm32f4xx.o
                0x20000000                SystemCoreClock
                0x20000004                . = ALIGN (0x4)
                0x20000004                _edata = .

.igot.plt       0x20000004        0x0 load address 0x0800130c
 .igot.plt      0x20000004        0x0 c:/program files (x86)/atollic/truestudio for stm32 9.0.0/armtools/bin/../lib/gcc/arm-atollic-eabi/6.3.1/armv7e-m/fpu/crtbegin.o
                0x20000004                . = ALIGN (0x4)

.bss            0x20000004      0x110 load address 0x0800130c
                0x20000004                _sbss = .
                0x20000004                __bss_start__ = _sbss
 *(.bss)
 .bss           0x20000004       0x1c c:/program files (x86)/atollic/truestudio for stm32 9.0.0/armtools/bin/../lib/gcc/arm-atollic-eabi/6.3.1/armv7e-m/fpu/crtbegin.o
 *(.bss*)
 *(COMMON)
 COMMON         0x20000020        0x4 Drivers\STM32F4xx_HAL_Driver\Src\stm32f4xx_hal.o
                0x20000020                uwTick
 COMMON         0x20000024       0xf0 Src\main.o
                0x20000024                htim10
                0x20000060                htim11
                0x2000009c                htim6
                0x200000d8                htim7
                0x20000114                . = ALIGN (0x4)
                0x20000114                _ebss = .
                0x20000114                __bss_end__ = _ebss

._user_heap_stack
                0x20000114      0x600 load address 0x0800130c
                0x20000114                . = ALIGN (0x4)
                [!provide]                PROVIDE (end, .)
                [!provide]                PROVIDE (_end, .)
                0x20000314                . = (. + _Min_Heap_Size)
 *fill*         0x20000114      0x200 
                0x20000714                . = (. + _Min_Stack_Size)
 *fill*         0x20000314      0x400 
                0x20000714                . = ALIGN (0x4)

/DISCARD/
 libc.a(*)
 libm.a(*)
 libgcc.a(*)

.ARM.attributes
                0x00000000       0x30
 *(.ARM.attributes)
 .ARM.attributes
                0x00000000       0x22 c:/program files (x86)/atollic/truestudio for stm32 9.0.0/armtools/bin/../lib/gcc/arm-atollic-eabi/6.3.1/armv7e-m/fpu/crti.o
 .ARM.attributes
                0x00000022       0x34 c:/program files (x86)/atollic/truestudio for stm32 9.0.0/armtools/bin/../lib/gcc/arm-atollic-eabi/6.3.1/armv7e-m/fpu/crtbegin.o
 .ARM.attributes
                0x00000056       0x39 Drivers\STM32F4xx_HAL_Driver\Src\stm32f4xx_hal.o
 .ARM.attributes
                0x0000008f       0x39 Drivers\STM32F4xx_HAL_Driver\Src\stm32f4xx_hal_cortex.o
 .ARM.attributes
                0x000000c8       0x39 Drivers\STM32F4xx_HAL_Driver\Src\stm32f4xx_hal_gpio.o
 .ARM.attributes
                0x00000101       0x39 Drivers\STM32F4xx_HAL_Driver\Src\stm32f4xx_hal_pwr_ex.o
 .ARM.attributes
                0x0000013a       0x39 Drivers\STM32F4xx_HAL_Driver\Src\stm32f4xx_hal_rcc.o
 .ARM.attributes
                0x00000173       0x39 Drivers\STM32F4xx_HAL_Driver\Src\stm32f4xx_hal_rcc_ex.o
 .ARM.attributes
                0x000001ac       0x39 Drivers\STM32F4xx_HAL_Driver\Src\stm32f4xx_hal_tim.o
 .ARM.attributes
                0x000001e5       0x39 Drivers\STM32F4xx_HAL_Driver\Src\stm32f4xx_hal_tim_ex.o
 .ARM.attributes
                0x0000021e       0x39 Src\main.o
 .ARM.attributes
                0x00000257       0x39 Src\stm32f4xx_hal_msp.o
 .ARM.attributes
                0x00000290       0x39 Src\stm32f4xx_it.o
 .ARM.attributes
                0x000002c9       0x39 Src\system_stm32f4xx.o
 .ARM.attributes
                0x00000302       0x21 startup\startup_stm32f446xx.o
 .ARM.attributes
                0x00000323       0x34 c:/program files (x86)/atollic/truestudio for stm32 9.0.0/armtools/bin/../lib/gcc/arm-atollic-eabi/6.3.1/../../../../arm-atollic-eabi/lib/armv7e-m/fpu\libc_nano.a(lib_a-init.o)
 .ARM.attributes
                0x00000357       0x22 c:/program files (x86)/atollic/truestudio for stm32 9.0.0/armtools/bin/../lib/gcc/arm-atollic-eabi/6.3.1/armv7e-m/fpu\libgcc.a(_aeabi_uldivmod.o)
 .ARM.attributes
                0x00000379       0x34 c:/program files (x86)/atollic/truestudio for stm32 9.0.0/armtools/bin/../lib/gcc/arm-atollic-eabi/6.3.1/armv7e-m/fpu\libgcc.a(_udivmoddi4.o)
 .ARM.attributes
                0x000003ad       0x22 c:/program files (x86)/atollic/truestudio for stm32 9.0.0/armtools/bin/../lib/gcc/arm-atollic-eabi/6.3.1/armv7e-m/fpu\libgcc.a(_dvmd_tls.o)
 .ARM.attributes
                0x000003cf       0x22 c:/program files (x86)/atollic/truestudio for stm32 9.0.0/armtools/bin/../lib/gcc/arm-atollic-eabi/6.3.1/armv7e-m/fpu/crtn.o
OUTPUT(smart_leds.elf elf32-littlearm)

.debug_info     0x00000000    0x107da
 .debug_info    0x00000000     0x115d Drivers\STM32F4xx_HAL_Driver\Src\stm32f4xx_hal.o
 .debug_info    0x0000115d     0x176d Drivers\STM32F4xx_HAL_Driver\Src\stm32f4xx_hal_cortex.o
 .debug_info    0x000028ca      0xfe1 Drivers\STM32F4xx_HAL_Driver\Src\stm32f4xx_hal_gpio.o
 .debug_info    0x000038ab     0x1016 Drivers\STM32F4xx_HAL_Driver\Src\stm32f4xx_hal_pwr_ex.o
 .debug_info    0x000048c1     0x1287 Drivers\STM32F4xx_HAL_Driver\Src\stm32f4xx_hal_rcc.o
 .debug_info    0x00005b48     0x1294 Drivers\STM32F4xx_HAL_Driver\Src\stm32f4xx_hal_rcc_ex.o
 .debug_info    0x00006ddc     0x3bad Drivers\STM32F4xx_HAL_Driver\Src\stm32f4xx_hal_tim.o
 .debug_info    0x0000a989     0x19b0 Drivers\STM32F4xx_HAL_Driver\Src\stm32f4xx_hal_tim_ex.o
 .debug_info    0x0000c339     0x1965 Src\main.o
 .debug_info    0x0000dc9e     0x13d9 Src\stm32f4xx_hal_msp.o
 .debug_info    0x0000f077      0x979 Src\stm32f4xx_it.o
 .debug_info    0x0000f9f0      0xd5b Src\system_stm32f4xx.o
 .debug_info    0x0001074b       0x8f startup\startup_stm32f446xx.o

.debug_abbrev   0x00000000     0x20b6
 .debug_abbrev  0x00000000      0x2cf Drivers\STM32F4xx_HAL_Driver\Src\stm32f4xx_hal.o
 .debug_abbrev  0x000002cf      0x399 Drivers\STM32F4xx_HAL_Driver\Src\stm32f4xx_hal_cortex.o
 .debug_abbrev  0x00000668      0x268 Drivers\STM32F4xx_HAL_Driver\Src\stm32f4xx_hal_gpio.o
 .debug_abbrev  0x000008d0      0x291 Drivers\STM32F4xx_HAL_Driver\Src\stm32f4xx_hal_pwr_ex.o
 .debug_abbrev  0x00000b61      0x348 Drivers\STM32F4xx_HAL_Driver\Src\stm32f4xx_hal_rcc.o
 .debug_abbrev  0x00000ea9      0x28a Drivers\STM32F4xx_HAL_Driver\Src\stm32f4xx_hal_rcc_ex.o
 .debug_abbrev  0x00001133      0x3ac Drivers\STM32F4xx_HAL_Driver\Src\stm32f4xx_hal_tim.o
 .debug_abbrev  0x000014df      0x300 Drivers\STM32F4xx_HAL_Driver\Src\stm32f4xx_hal_tim_ex.o
 .debug_abbrev  0x000017df      0x325 Src\main.o
 .debug_abbrev  0x00001b04      0x221 Src\stm32f4xx_hal_msp.o
 .debug_abbrev  0x00001d25      0x1b5 Src\stm32f4xx_it.o
 .debug_abbrev  0x00001eda      0x1ca Src\system_stm32f4xx.o
 .debug_abbrev  0x000020a4       0x12 startup\startup_stm32f446xx.o

.debug_loc      0x00000000     0x506c
 .debug_loc     0x00000000       0x69 Drivers\STM32F4xx_HAL_Driver\Src\stm32f4xx_hal.o
 .debug_loc     0x00000069      0x4fb Drivers\STM32F4xx_HAL_Driver\Src\stm32f4xx_hal_cortex.o
 .debug_loc     0x00000564      0x3cd Drivers\STM32F4xx_HAL_Driver\Src\stm32f4xx_hal_gpio.o
 .debug_loc     0x00000931      0x15d Drivers\STM32F4xx_HAL_Driver\Src\stm32f4xx_hal_pwr_ex.o
 .debug_loc     0x00000a8e      0x2d3 Drivers\STM32F4xx_HAL_Driver\Src\stm32f4xx_hal_rcc.o
 .debug_loc     0x00000d61      0x8f3 Drivers\STM32F4xx_HAL_Driver\Src\stm32f4xx_hal_rcc_ex.o
 .debug_loc     0x00001654     0x30b2 Drivers\STM32F4xx_HAL_Driver\Src\stm32f4xx_hal_tim.o
 .debug_loc     0x00004706      0x84a Drivers\STM32F4xx_HAL_Driver\Src\stm32f4xx_hal_tim_ex.o
 .debug_loc     0x00004f50      0x11c Src\system_stm32f4xx.o

.debug_aranges  0x00000000      0x710
 .debug_aranges
                0x00000000       0xc0 Drivers\STM32F4xx_HAL_Driver\Src\stm32f4xx_hal.o
 .debug_aranges
                0x000000c0       0xa8 Drivers\STM32F4xx_HAL_Driver\Src\stm32f4xx_hal_cortex.o
 .debug_aranges
                0x00000168       0x58 Drivers\STM32F4xx_HAL_Driver\Src\stm32f4xx_hal_gpio.o
 .debug_aranges
                0x000001c0       0x60 Drivers\STM32F4xx_HAL_Driver\Src\stm32f4xx_hal_pwr_ex.o
 .debug_aranges
                0x00000220       0x88 Drivers\STM32F4xx_HAL_Driver\Src\stm32f4xx_hal_rcc.o
 .debug_aranges
                0x000002a8       0x58 Drivers\STM32F4xx_HAL_Driver\Src\stm32f4xx_hal_rcc_ex.o
 .debug_aranges
                0x00000300      0x250 Drivers\STM32F4xx_HAL_Driver\Src\stm32f4xx_hal_tim.o
 .debug_aranges
                0x00000550       0xf0 Drivers\STM32F4xx_HAL_Driver\Src\stm32f4xx_hal_tim_ex.o
 .debug_aranges
                0x00000640       0x30 Src\main.o
 .debug_aranges
                0x00000670       0x30 Src\stm32f4xx_hal_msp.o
 .debug_aranges
                0x000006a0       0x20 Src\stm32f4xx_it.o
 .debug_aranges
                0x000006c0       0x28 Src\system_stm32f4xx.o
 .debug_aranges
                0x000006e8       0x28 startup\startup_stm32f446xx.o

.debug_ranges   0x00000000      0x970
 .debug_ranges  0x00000000       0xb0 Drivers\STM32F4xx_HAL_Driver\Src\stm32f4xx_hal.o
 .debug_ranges  0x000000b0      0x138 Drivers\STM32F4xx_HAL_Driver\Src\stm32f4xx_hal_cortex.o
 .debug_ranges  0x000001e8       0x68 Drivers\STM32F4xx_HAL_Driver\Src\stm32f4xx_hal_gpio.o
 .debug_ranges  0x00000250       0xb0 Drivers\STM32F4xx_HAL_Driver\Src\stm32f4xx_hal_pwr_ex.o
 .debug_ranges  0x00000300       0xc8 Drivers\STM32F4xx_HAL_Driver\Src\stm32f4xx_hal_rcc.o
 .debug_ranges  0x000003c8       0x78 Drivers\STM32F4xx_HAL_Driver\Src\stm32f4xx_hal_rcc_ex.o
 .debug_ranges  0x00000440      0x330 Drivers\STM32F4xx_HAL_Driver\Src\stm32f4xx_hal_tim.o
 .debug_ranges  0x00000770       0xe0 Drivers\STM32F4xx_HAL_Driver\Src\stm32f4xx_hal_tim_ex.o
 .debug_ranges  0x00000850       0xb8 Src\main.o
 .debug_ranges  0x00000908       0x20 Src\stm32f4xx_hal_msp.o
 .debug_ranges  0x00000928       0x10 Src\stm32f4xx_it.o
 .debug_ranges  0x00000938       0x18 Src\system_stm32f4xx.o
 .debug_ranges  0x00000950       0x20 startup\startup_stm32f446xx.o

.debug_line     0x00000000     0x4778
 .debug_line    0x00000000      0x4a3 Drivers\STM32F4xx_HAL_Driver\Src\stm32f4xx_hal.o
 .debug_line    0x000004a3      0x544 Drivers\STM32F4xx_HAL_Driver\Src\stm32f4xx_hal_cortex.o
 .debug_line    0x000009e7      0x4dd Drivers\STM32F4xx_HAL_Driver\Src\stm32f4xx_hal_gpio.o
 .debug_line    0x00000ec4      0x44f Drivers\STM32F4xx_HAL_Driver\Src\stm32f4xx_hal_pwr_ex.o
 .debug_line    0x00001313      0x5e7 Drivers\STM32F4xx_HAL_Driver\Src\stm32f4xx_hal_rcc.o
 .debug_line    0x000018fa      0x749 Drivers\STM32F4xx_HAL_Driver\Src\stm32f4xx_hal_rcc_ex.o
 .debug_line    0x00002043     0x11e7 Drivers\STM32F4xx_HAL_Driver\Src\stm32f4xx_hal_tim.o
 .debug_line    0x0000322a      0x733 Drivers\STM32F4xx_HAL_Driver\Src\stm32f4xx_hal_tim_ex.o
 .debug_line    0x0000395d      0x460 Src\main.o
 .debug_line    0x00003dbd      0x378 Src\stm32f4xx_hal_msp.o
 .debug_line    0x00004135      0x2e7 Src\stm32f4xx_it.o
 .debug_line    0x0000441c      0x2dd Src\system_stm32f4xx.o
 .debug_line    0x000046f9       0x7f startup\startup_stm32f446xx.o

.debug_str      0x00000000     0x32f8
 .debug_str     0x00000000      0xed1 Drivers\STM32F4xx_HAL_Driver\Src\stm32f4xx_hal.o
                                0xf8b (size before relaxing)
 .debug_str     0x00000ed1      0x3cf Drivers\STM32F4xx_HAL_Driver\Src\stm32f4xx_hal_cortex.o
                               0x10f3 (size before relaxing)
 .debug_str     0x000012a0      0x1de Drivers\STM32F4xx_HAL_Driver\Src\stm32f4xx_hal_gpio.o
                                0x9ad (size before relaxing)
 .debug_str     0x0000147e      0x170 Drivers\STM32F4xx_HAL_Driver\Src\stm32f4xx_hal_pwr_ex.o
                                0x9a4 (size before relaxing)
 .debug_str     0x000015ee      0x2c9 Drivers\STM32F4xx_HAL_Driver\Src\stm32f4xx_hal_rcc.o
                                0xb6c (size before relaxing)
 .debug_str     0x000018b7      0x2d9 Drivers\STM32F4xx_HAL_Driver\Src\stm32f4xx_hal_rcc_ex.o
                                0xbfb (size before relaxing)
 .debug_str     0x00001b90     0x1134 Drivers\STM32F4xx_HAL_Driver\Src\stm32f4xx_hal_tim.o
                               0x184d (size before relaxing)
 .debug_str     0x00002cc4      0x50d Drivers\STM32F4xx_HAL_Driver\Src\stm32f4xx_hal_tim_ex.o
                               0x110d (size before relaxing)
 .debug_str     0x000031d1       0x97 Src\main.o
                               0x1466 (size before relaxing)
 .debug_str     0x00003268       0x25 Src\stm32f4xx_hal_msp.o
                               0x1139 (size before relaxing)
 .debug_str     0x0000328d       0x26 Src\stm32f4xx_it.o
                                0x68f (size before relaxing)
 .debug_str     0x000032b3       0x45 Src\system_stm32f4xx.o
                                0x811 (size before relaxing)

.comment        0x00000000       0x7c
 .comment       0x00000000       0x7c Drivers\STM32F4xx_HAL_Driver\Src\stm32f4xx_hal.o
                                 0x7d (size before relaxing)
 .comment       0x0000007c       0x7d Drivers\STM32F4xx_HAL_Driver\Src\stm32f4xx_hal_cortex.o
 .comment       0x0000007c       0x7d Drivers\STM32F4xx_HAL_Driver\Src\stm32f4xx_hal_gpio.o
 .comment       0x0000007c       0x7d Drivers\STM32F4xx_HAL_Driver\Src\stm32f4xx_hal_pwr_ex.o
 .comment       0x0000007c       0x7d Drivers\STM32F4xx_HAL_Driver\Src\stm32f4xx_hal_rcc.o
 .comment       0x0000007c       0x7d Drivers\STM32F4xx_HAL_Driver\Src\stm32f4xx_hal_rcc_ex.o
 .comment       0x0000007c       0x7d Drivers\STM32F4xx_HAL_Driver\Src\stm32f4xx_hal_tim.o
 .comment       0x0000007c       0x7d Drivers\STM32F4xx_HAL_Driver\Src\stm32f4xx_hal_tim_ex.o
 .comment       0x0000007c       0x7d Src\main.o
 .comment       0x0000007c       0x7d Src\stm32f4xx_hal_msp.o
 .comment       0x0000007c       0x7d Src\stm32f4xx_it.o
 .comment       0x0000007c       0x7d Src\system_stm32f4xx.o

.debug_frame    0x00000000     0x13e8
 .debug_frame   0x00000000      0x194 Drivers\STM32F4xx_HAL_Driver\Src\stm32f4xx_hal.o
 .debug_frame   0x00000194      0x158 Drivers\STM32F4xx_HAL_Driver\Src\stm32f4xx_hal_cortex.o
 .debug_frame   0x000002ec       0xd8 Drivers\STM32F4xx_HAL_Driver\Src\stm32f4xx_hal_gpio.o
 .debug_frame   0x000003c4       0xf4 Drivers\STM32F4xx_HAL_Driver\Src\stm32f4xx_hal_pwr_ex.o
 .debug_frame   0x000004b8      0x138 Drivers\STM32F4xx_HAL_Driver\Src\stm32f4xx_hal_rcc.o
 .debug_frame   0x000005f0       0xd4 Drivers\STM32F4xx_HAL_Driver\Src\stm32f4xx_hal_rcc_ex.o
 .debug_frame   0x000006c4      0x854 Drivers\STM32F4xx_HAL_Driver\Src\stm32f4xx_hal_tim.o
 .debug_frame   0x00000f18      0x330 Drivers\STM32F4xx_HAL_Driver\Src\stm32f4xx_hal_tim_ex.o
 .debug_frame   0x00001248       0x58 Src\main.o
 .debug_frame   0x000012a0       0x58 Src\stm32f4xx_hal_msp.o
 .debug_frame   0x000012f8       0x2c Src\stm32f4xx_it.o
 .debug_frame   0x00001324       0x38 Src\system_stm32f4xx.o
 .debug_frame   0x0000135c       0x2c c:/program files (x86)/atollic/truestudio for stm32 9.0.0/armtools/bin/../lib/gcc/arm-atollic-eabi/6.3.1/../../../../arm-atollic-eabi/lib/armv7e-m/fpu\libc_nano.a(lib_a-init.o)
 .debug_frame   0x00001388       0x2c c:/program files (x86)/atollic/truestudio for stm32 9.0.0/armtools/bin/../lib/gcc/arm-atollic-eabi/6.3.1/armv7e-m/fpu\libgcc.a(_aeabi_uldivmod.o)
 .debug_frame   0x000013b4       0x34 c:/program files (x86)/atollic/truestudio for stm32 9.0.0/armtools/bin/../lib/gcc/arm-atollic-eabi/6.3.1/armv7e-m/fpu\libgcc.a(_udivmoddi4.o)
